python tools/verify_dataset.py data/returns_daily.csv --registry data/registry.json
python tools/verify_dataset.py data/factors/ff5mom_daily.csv --registry data/factors/registry.json
PYTHONPATH=src:. OMP_NUM_THREADS=1 python3 experiments/eval/run.py \
	--returns-csv data/returns_daily.csv \
	--window 126 \
	--horizon 21 \
	--start 2018-01-01 \
	--end 2024-12-31 \
	--assets-top 80 \
	--group-design vol \
	--group-min-count 3 \
	--group-min-replicates 6 \
	--min-reps-vol 10 \
	--edge-mode tyler \
	--shrinker oas \
	--prewhiten ff5mom \
	--overlay-delta 0.05 \
	--coarse-candidate 1 \
	--gate-mode soft \
	--gate-accept-nonisolated \
	--gate-stability-min 0.0001 \
	--allow-non-isolated \
	--min-reps-vol 10 \
	--use-factor-prewhiten 0 \
	--gate-delta-calibration calibration/edge_delta_thresholds.json \
	--gate-delta-frac-min 0.015 \
	--q-max 2 \
	--q2-alignment-min-cos 0.9 \
	--mv-gamma 1e-4 \
	--mv-box 0.0,0.1 \
	--mv-turnover-bps 5 \
	--mv-condition-cap 1000000 \
	--out reports/rc-20251112/vol-tyler
[diagnostics] prewhiten=mkt r2_mean=0.358 residual_energy=0.000 acceptance_delta=0.136 detection_rate=0.003 edge_margin=0.069 alignment=0.347 substitution=0.016
